Testing
1 	Needs more comments.
2 	2 	Still need more...
3 	3 	3 	More...
4 	4 	4 	4 	More......
5 	5 	5 	5 	5 	How many more are needed here?
6 	6 	6 	6 	6 	6 	Deeper...
7 	7 	7 	7 	7 	7 	7 	Deeper.....
8 	8 	8 	8 	8 	8 	8 	8 	Nest already! :(
9 	9 	9 	9 	9 	9 	9 	9 	9 	:( :(
10 	10 	10 	10 	10 	10 	10 	10 	10 	10 	:( :( :(
11 	11 	11 	11 	11 	11 	11 	11 	11 	11 	11 	): ): ):
12 	12 	12 	12 	12 	12 	12 	12 	12 	12 	12 	12 	Surely this must nest now...
9 	9 	9 	9 	9 	9 	9 	9 	9 	Come on Reddit, you can do it!
