1WE MUST GO DEEPER 0
21 	WE MUST GO DEEPER 1
32 	2 	WE MUST GO DEEPER 2
43 	3 	3 	WE MUST GO DEEPER 3
54 	4 	4 	4 	WE MUST GO DEEPER 4
65 	5 	5 	5 	5 	WE MUST GO DEEPER 5
76 	6 	6 	6 	6 	6 	WE MUST GO DEEPER 6
87 	7 	7 	7 	7 	7 	7 	WE MUST GO DEEPER 7
98 	8 	8 	8 	8 	8 	8 	8 	WE MUST GO DEEPER 8
109 	9 	9 	9 	9 	9 	9 	9 	9 	WE MUST GO DEEPER 9
1110 	10 	10 	10 	10 	10 	10 	10 	10 	10 	WE MUST GO DEEPER 10
1211 	11 	11 	11 	11 	11 	11 	11 	11 	11 	11 	WE MUST GO DEEPER 11
1312 	12 	12 	12 	12 	12 	12 	12 	12 	12 	12 	12 	WE MUST GO DEEPER 12
1413 	13 	13 	13 	13 	13 	13 	13 	13 	13 	13 	13 	13 	WE MUST GO DEEPER 13
1514 	14 	14 	14 	14 	14 	14 	14 	14 	14 	14 	14 	14 	14 	WE MUST GO DEEPER 14
1615 	15 	15 	15 	15 	15 	15 	15 	15 	15 	15 	15 	15 	15 	15 	WE MUST GO DEEPER 15
1716 	16 	16 	16 	16 	16 	16 	16 	16 	16 	16 	16 	16 	16 	16 	16 	WE MUST GO DEEPER 16
1817 	17 	17 	17 	17 	17 	17 	17 	17 	17 	17 	17 	17 	17 	17 	17 	17 	WE MUST GO DEEPER 17
1918 	18 	18 	18 	18 	18 	18 	18 	18 	18 	18 	18 	18 	18 	18 	18 	18 	18 	WE MUST GO DEEPER 18
2019 	19 	19 	19 	19 	19 	19 	19 	19 	19 	19 	19 	19 	19 	19 	19 	19 	19 	19 	WE MUST GO DEEPER 19
2120 	20 	20 	20 	20 	20 	20 	20 	20 	20 	20 	20 	20 	20 	20 	20 	20 	20 	20 	20 	WE MUST GO DEEPER 20
2221 	21 	21 	21 	21 	21 	21 	21 	21 	21 	21 	21 	21 	21 	21 	21 	21 	21 	21 	21 	21 	WE MUST GO DEEPER 21
2322 	22 	22 	22 	22 	22 	22 	22 	22 	22 	22 	22 	22 	22 	22 	22 	22 	22 	22 	22 	22 	22 	WE MUST GO DEEPER 22
2423 	23 	23 	23 	23 	23 	23 	23 	23 	23 	23 	23 	23 	23 	23 	23 	23 	23 	23 	23 	23 	23 	23 	WE MUST GO DEEPER 23
2524 	24 	24 	24 	24 	24 	24 	24 	24 	24 	24 	24 	24 	24 	24 	24 	24 	24 	24 	24 	24 	24 	24 	24 	WE MUST GO DEEPER 24
2625 	25 	25 	25 	25 	25 	25 	25 	25 	25 	25 	25 	25 	25 	25 	25 	25 	25 	25 	25 	25 	25 	25 	25 	25 	WE MUST GO DEEPER 25
2726 	26 	26 	26 	26 	26 	26 	26 	26 	26 	26 	26 	26 	26 	26 	26 	26 	26 	26 	26 	26 	26 	26 	26 	26 	26 	WE MUST GO DEEPER 26
2827 	27 	27 	27 	27 	27 	27 	27 	27 	27 	27 	27 	27 	27 	27 	27 	27 	27 	27 	27 	27 	27 	27 	27 	27 	27 	27 	WE MUST GO DEEPER 27
2928 	28 	28 	28 	28 	28 	28 	28 	28 	28 	28 	28 	28 	28 	28 	28 	28 	28 	28 	28 	28 	28 	28 	28 	28 	28 	28 	28 	WE MUST GO DEEPER 28
3029 	29 	29 	29 	29 	29 	29 	29 	29 	29 	29 	29 	29 	29 	29 	29 	29 	29 	29 	29 	29 	29 	29 	29 	29 	29 	29 	29 	29 	WE MUST GO DEEPER 29
3130 	30 	30 	30 	30 	30 	30 	30 	30 	30 	30 	30 	30 	30 	30 	30 	30 	30 	30 	30 	30 	30 	30 	30 	30 	30 	30 	30 	30 	30 	WE MUST GO DEEPER 30
3231 	31 	31 	31 	31 	31 	31 	31 	31 	31 	31 	31 	31 	31 	31 	31 	31 	31 	31 	31 	31 	31 	31 	31 	31 	31 	31 	31 	31 	31 	31 	WE MUST GO DEEPER 31
3332 	32 	32 	32 	32 	32 	32 	32 	32 	32 	32 	32 	32 	32 	32 	32 	32 	32 	32 	32 	32 	32 	32 	32 	32 	32 	32 	32 	32 	32 	32 	32 	WE MUST GO DEEPER 32
3433 	33 	33 	33 	33 	33 	33 	33 	33 	33 	33 	33 	33 	33 	33 	33 	33 	33 	33 	33 	33 	33 	33 	33 	33 	33 	33 	33 	33 	33 	33 	33 	33 	WE MUST GO DEEPER 33
3534 	34 	34 	34 	34 	34 	34 	34 	34 	34 	34 	34 	34 	34 	34 	34 	34 	34 	34 	34 	34 	34 	34 	34 	34 	34 	34 	34 	34 	34 	34 	34 	34 	34 	WE MUST GO DEEPER 34
3635 	35 	35 	35 	35 	35 	35 	35 	35 	35 	35 	35 	35 	35 	35 	35 	35 	35 	35 	35 	35 	35 	35 	35 	35 	35 	35 	35 	35 	35 	35 	35 	35 	35 	35 	WE MUST GO DEEPER 35
3736 	36 	36 	36 	36 	36 	36 	36 	36 	36 	36 	36 	36 	36 	36 	36 	36 	36 	36 	36 	36 	36 	36 	36 	36 	36 	36 	36 	36 	36 	36 	36 	36 	36 	36 	36 	WE MUST GO DEEPER 36
3837 	37 	37 	37 	37 	37 	37 	37 	37 	37 	37 	37 	37 	37 	37 	37 	37 	37 	37 	37 	37 	37 	37 	37 	37 	37 	37 	37 	37 	37 	37 	37 	37 	37 	37 	37 	37 	WE MUST GO DEEPER 37
3938 	38 	38 	38 	38 	38 	38 	38 	38 	38 	38 	38 	38 	38 	38 	38 	38 	38 	38 	38 	38 	38 	38 	38 	38 	38 	38 	38 	38 	38 	38 	38 	38 	38 	38 	38 	38 	38 	WE MUST GO DEEPER 38
4039 	39 	39 	39 	39 	39 	39 	39 	39 	39 	39 	39 	39 	39 	39 	39 	39 	39 	39 	39 	39 	39 	39 	39 	39 	39 	39 	39 	39 	39 	39 	39 	39 	39 	39 	39 	39 	39 	39 	WE MUST GO DEEPER 39
4140 	40 	40 	40 	40 	40 	40 	40 	40 	40 	40 	40 	40 	40 	40 	40 	40 	40 	40 	40 	40 	40 	40 	40 	40 	40 	40 	40 	40 	40 	40 	40 	40 	40 	40 	40 	40 	40 	40 	40 	WE MUST GO DEEPER 40
4241 	41 	41 	41 	41 	41 	41 	41 	41 	41 	41 	41 	41 	41 	41 	41 	41 	41 	41 	41 	41 	41 	41 	41 	41 	41 	41 	41 	41 	41 	41 	41 	41 	41 	41 	41 	41 	41 	41 	41 	41 	WE MUST GO DEEPER 41
4342 	42 	42 	42 	42 	42 	42 	42 	42 	42 	42 	42 	42 	42 	42 	42 	42 	42 	42 	42 	42 	42 	42 	42 	42 	42 	42 	42 	42 	42 	42 	42 	42 	42 	42 	42 	42 	42 	42 	42 	42 	42 	WE MUST GO DEEPER 42
4443 	43 	43 	43 	43 	43 	43 	43 	43 	43 	43 	43 	43 	43 	43 	43 	43 	43 	43 	43 	43 	43 	43 	43 	43 	43 	43 	43 	43 	43 	43 	43 	43 	43 	43 	43 	43 	43 	43 	43 	43 	43 	43 	WE MUST GO DEEPER 43
4544 	44 	44 	44 	44 	44 	44 	44 	44 	44 	44 	44 	44 	44 	44 	44 	44 	44 	44 	44 	44 	44 	44 	44 	44 	44 	44 	44 	44 	44 	44 	44 	44 	44 	44 	44 	44 	44 	44 	44 	44 	44 	44 	44 	WE MUST GO DEEPER 44
4645 	45 	45 	45 	45 	45 	45 	45 	45 	45 	45 	45 	45 	45 	45 	45 	45 	45 	45 	45 	45 	45 	45 	45 	45 	45 	45 	45 	45 	45 	45 	45 	45 	45 	45 	45 	45 	45 	45 	45 	45 	45 	45 	45 	45 	WE MUST GO DEEPER 45
4746 	46 	46 	46 	46 	46 	46 	46 	46 	46 	46 	46 	46 	46 	46 	46 	46 	46 	46 	46 	46 	46 	46 	46 	46 	46 	46 	46 	46 	46 	46 	46 	46 	46 	46 	46 	46 	46 	46 	46 	46 	46 	46 	46 	46 	46 	WE MUST GO DEEPER 46
4847 	47 	47 	47 	47 	47 	47 	47 	47 	47 	47 	47 	47 	47 	47 	47 	47 	47 	47 	47 	47 	47 	47 	47 	47 	47 	47 	47 	47 	47 	47 	47 	47 	47 	47 	47 	47 	47 	47 	47 	47 	47 	47 	47 	47 	47 	47 	WE MUST GO DEEPER 47
4948 	48 	48 	48 	48 	48 	48 	48 	48 	48 	48 	48 	48 	48 	48 	48 	48 	48 	48 	48 	48 	48 	48 	48 	48 	48 	48 	48 	48 	48 	48 	48 	48 	48 	48 	48 	48 	48 	48 	48 	48 	48 	48 	48 	48 	48 	48 	48 	WE MUST GO DEEPER 48
5049 	49 	49 	49 	49 	49 	49 	49 	49 	49 	49 	49 	49 	49 	49 	49 	49 	49 	49 	49 	49 	49 	49 	49 	49 	49 	49 	49 	49 	49 	49 	49 	49 	49 	49 	49 	49 	49 	49 	49 	49 	49 	49 	49 	49 	49 	49 	49 	49 	WE MUST GO DEEPER 49
