1All work and no play makes Jack a dull boy.
2All work and no play makes Jack a dull boy.
3All work and no play makes Jack a dull boy.
4All work and no play makes Jack a dull boy.
5All work and no play makes Jack a dull boy.
6All work and no play makes Jack a dull boy.
7All work and no play makes Jack a dull boy.
8All work and no play makes Jack a dull boy.
9All work and no play makes Jack a dull boy.
10All work and no play makes Jack a dull boy.
11All work and no play makes Jack a dull boy.
12All work and no play makes Jack a dull boy.
13All work and no play makes Jack a dull boy.
14All work and no play makes Jack a dull boy.
15All work and no play makes Jack a dull boy.
16All work and no play makes Jack a dull boy.
17All work and no play makes Jack a dull boy.
18All work and no play makes Jack a dull boy.
19All work and no play makes Jack a dull boy.
20All work and no play makes Jack a dull boy.
21All work and no play makes Jack a dull boy.
22All work and no play makes Jack a dull boy.
23All work and no play makes Jack a dull boy.
24All work and no play makes Jack a dull boy.
25All work and no play makes Jack a dull boy.
26All work and no play makes Jack a dull boy.
27All work and no play makes Jack a dull boy.
28All work and no play makes Jack a dull boy.
29All work and no play makes Jack a dull boy.
30All work and no play makes Jack a dull boy.
31All work and no play makes Jack a dull boy.
32All work and no play makes Jack a dull boy.
33All work and no play makes Jack a dull boy.
34All work and no play makes Jack a dull boy.
35All work and no play makes Jack a dull boy.
36All work and no play makes Jack a dull boy.
37All work and no play makes Jack a dull boy.
38All work and no play makes Jack a dull boy.
39All work and no play makes Jack a dull boy.
40All work and no play makes Jack a dull boy.
41All work and no play makes Jack a dull boy.
42All work and no play makes Jack a dull boy.
43All work and no play makes Jack a dull boy.
44All work and no play makes Jack a dull boy.
45All work and no play makes Jack a dull boy.
46All work and no play makes Jack a dull boy.
47All work and no play makes Jack a dull boy.
48All work and no play makes Jack a dull boy.
49All work and no play makes Jack a dull boy.
50All work and no play makes Jack a dull boy.
51All work and no play makes Jack a dull boy.
52All work and no play makes Jack a dull boy.
53All work and no play makes Jack a dull boy.
54All work and no play makes Jack a dull boy.
55All work and no play makes Jack a dull boy.
56All work and no play makes Jack a dull boy.
57All work and no play makes Jack a dull boy.
58All work and no play makes Jack a dull boy.
59All work and no play makes Jack a dull boy.
60All work and no play makes Jack a dull boy.
61All work and no play makes Jack a dull boy.
62All work and no play makes Jack a dull boy.
63All work and no play makes Jack a dull boy.
64All work and no play makes Jack a dull boy.
65All work and no play makes Jack a dull boy.
66All work and no play makes Jack a dull boy.
67All work and no play makes Jack a dull boy.
68All work and no play makes Jack a dull boy.
69All work and no play makes Jack a dull boy.
70All work and no play makes Jack a dull boy.
71All work and no play makes Jack a dull boy.
72All work and no play makes Jack a dull boy.
73All work and no play makes Jack a dull boy.
74All work and no play makes Jack a dull boy.
75All work and no play makes Jack a dull boy.
76All work and no play makes Jack a dull boy.
77All work and no play makes Jack a dull boy.
78All work and no play makes Jack a dull boy.
79All work and no play makes Jack a dull boy.
80All work and no play makes Jack a dull boy.
81All work and no play makes Jack a dull boy.
82All work and no play makes Jack a dull boy.
83All work and no play makes Jack a dull boy.
84All work and no play makes Jack a dull boy.
85All work and no play makes Jack a dull boy.
86All work and no play makes Jack a dull boy.
87All work and no play makes Jack a dull boy.
88All work and no play makes Jack a dull boy.
89All work and no play makes Jack a dull boy.
90All work and no play makes Jack a dull boy.
91All work and no play makes Jack a dull boy.
92All work and no play makes Jack a dull boy.
93All work and no play makes Jack a dull boy.
94All work and no play makes Jack a dull boy.
95All work and no play makes Jack a dull boy.
96All work and no play makes Jack a dull boy.
97All work and no play makes Jack a dull boy.
98All work and no play makes Jack a dull boy.
99All work and no play makes Jack a dull boy.
100All work and no play makes Jack a dull boy.
101All work and no play makes Jack a dull boy.
102All work and no play makes Jack a dull boy.
103All work and no play makes Jack a dull boy.
104All work and no play makes Jack a dull boy.
105All work and no play makes Jack a dull boy.
106All work and no play makes Jack a dull boy.
107All work and no play makes Jack a dull boy.
108All work and no play makes Jack a dull boy.
109All work and no play makes Jack a dull boy.
110All work and no play makes Jack a dull boy.
111All work and no play makes Jack a dull boy.
112All work and no play makes Jack a dull boy.
113All work and no play makes Jack a dull boy.
114All work and no play makes Jack a dull boy.
115All work and no play makes Jack a dull boy.
116All work and no play makes Jack a dull boy.
117All work and no play makes Jack a dull boy.
118All work and no play makes Jack a dull boy.
119All work and no play makes Jack a dull boy.
120All work and no play makes Jack a dull boy.
121All work and no play makes Jack a dull boy.
122All work and no play makes Jack a dull boy.
123All work and no play makes Jack a dull boy.
124All work and no play makes Jack a dull boy.
125All work and no play makes Jack a dull boy.
126All work and no play makes Jack a dull boy.
127All work and no play makes Jack a dull boy.
128All work and no play makes Jack a dull boy.
129All work and no play makes Jack a dull boy.
130All work and no play makes Jack a dull boy.
131All work and no play makes Jack a dull boy.
132All work and no play makes Jack a dull boy.
133All work and no play makes Jack a dull boy.
134All work and no play makes Jack a dull boy.
135All work and no play makes Jack a dull boy.
136All work and no play makes Jack a dull boy.
137All work and no play makes Jack a dull boy.
138All work and no play makes Jack a dull boy.
139All work and no play makes Jack a dull boy.
140All work and no play makes Jack a dull boy.
141All work and no play makes Jack a dull boy.
142All work and no play makes Jack a dull boy.
143All work and no play makes Jack a dull boy.
144All work and no play makes Jack a dull boy.
145All work and no play makes Jack a dull boy.
146All work and no play makes Jack a dull boy.
147All work and no play makes Jack a dull boy.
148All work and no play makes Jack a dull boy.
149All work and no play makes Jack a dull boy.
150All work and no play makes Jack a dull boy.
151All work and no play makes Jack a dull boy.
152All work and no play makes Jack a dull boy.
153All work and no play makes Jack a dull boy.
154All work and no play makes Jack a dull boy.
155All work and no play makes Jack a dull boy.
156All work and no play makes Jack a dull boy.
157All work and no play makes Jack a dull boy.
158All work and no play makes Jack a dull boy.
159All work and no play makes Jack a dull boy.
160All work and no play makes Jack a dull boy.
161All work and no play makes Jack a dull boy.
162All work and no play makes Jack a dull boy.
163All work and no play makes Jack a dull boy.
164All work and no play makes Jack a dull boy.
165All work and no play makes Jack a dull boy.
166All work and no play makes Jack a dull boy.
167All work and no play makes Jack a dull boy.
168All work and no play makes Jack a dull boy.
169All work and no play makes Jack a dull boy.
170All work and no play makes Jack a dull boy.
171All work and no play makes Jack a dull boy.
172All work and no play makes Jack a dull boy.
173All work and no play makes Jack a dull boy.
174All work and no play makes Jack a dull boy.
175All work and no play makes Jack a dull boy.
176All work and no play makes Jack a dull boy.
177All work and no play makes Jack a dull boy.
178All work and no play makes Jack a dull boy.
179All work and no play makes Jack a dull boy.
180All work and no play makes Jack a dull boy.
181All work and no play makes Jack a dull boy.
182All work and no play makes Jack a dull boy.
183All work and no play makes Jack a dull boy.
184All work and no play makes Jack a dull boy.
185All work and no play makes Jack a dull boy.
186All work and no play makes Jack a dull boy.
187All work and no play makes Jack a dull boy.
188All work and no play makes Jack a dull boy.
189All work and no play makes Jack a dull boy.
190All work and no play makes Jack a dull boy.
191All work and no play makes Jack a dull boy.
192All work and no play makes Jack a dull boy.
193All work and no play makes Jack a dull boy.
194All work and no play makes Jack a dull boy.
195All work and no play makes Jack a dull boy.
196All work and no play makes Jack a dull boy.
197All work and no play makes Jack a dull boy.
198All work and no play makes Jack a dull boy.
199All work and no play makes Jack a dull boy.
200All work and no play makes Jack a dull boy.
201All work and no play makes Jack a dull boy.
202All work and no play makes Jack a dull boy.
203All work and no play makes Jack a dull boy.
204All work and no play makes Jack a dull boy.
205All work and no play makes Jack a dull boy.
206All work and no play makes Jack a dull boy.
207All work and no play makes Jack a dull boy.
208All work and no play makes Jack a dull boy.
209All work and no play makes Jack a dull boy.
210All work and no play makes Jack a dull boy.
211All work and no play makes Jack a dull boy.
212All work and no play makes Jack a dull boy.
213All work and no play makes Jack a dull boy.
214All work and no play makes Jack a dull boy.
215All work and no play makes Jack a dull boy.
216All work and no play makes Jack a dull boy.
217All work and no play makes Jack a dull boy.
218All work and no play makes Jack a dull boy.
219All work and no play makes Jack a dull boy.
220All work and no play makes Jack a dull boy.
221All work and no play makes Jack a dull boy.
222All work and no play makes Jack a dull boy.
223All work and no play makes Jack a dull boy.
224All work and no play makes Jack a dull boy.
225All work and no play makes Jack a dull boy.
226All work and no play makes Jack a dull boy.
227All work and no play makes Jack a dull boy.
228All work and no play makes Jack a dull boy.
229WE MUST GO DEEPER 0
230WE MUST GO DEEPER 1
231WE MUST GO DEEPER 2
232WE MUST GO DEEPER 3
233WE MUST GO DEEPER 4
234WE MUST GO DEEPER 5
235WE MUST GO DEEPER 6
236WE MUST GO DEEPER 7
237WE MUST GO DEEPER 8
238WE MUST GO DEEPER 9
239WE MUST GO DEEPER 0
240WE MUST GO DEEPER 1
241WE MUST GO DEEPER 2
242WE MUST GO DEEPER 3
243WE MUST GO DEEPER 4
244WE MUST GO DEEPER 5
245WE MUST GO DEEPER 6
246WE MUST GO DEEPER 7
247WE MUST GO DEEPER 8
248WE MUST GO DEEPER 9
2491 	WE MUST GO DEEPER 10
2502 	2 	WE MUST GO DEEPER 11
2513 	3 	3 	WE MUST GO DEEPER 12
2524 	4 	4 	4 	WE MUST GO DEEPER 13
2535 	5 	5 	5 	5 	WE MUST GO DEEPER 14
2546 	6 	6 	6 	6 	6 	WE MUST GO DEEPER 15
2557 	7 	7 	7 	7 	7 	7 	WE MUST GO DEEPER 16
2568 	8 	8 	8 	8 	8 	8 	8 	WE MUST GO DEEPER 17
2579 	9 	9 	9 	9 	9 	9 	9 	9 	WE MUST GO DEEPER 18
25810 	10 	10 	10 	10 	10 	10 	10 	10 	10 	WE MUST GO DEEPER 19
25911 	11 	11 	11 	11 	11 	11 	11 	11 	11 	11 	WE MUST GO DEEPER 20
26012 	12 	12 	12 	12 	12 	12 	12 	12 	12 	12 	12 	WE MUST GO DEEPER 21
26113 	13 	13 	13 	13 	13 	13 	13 	13 	13 	13 	13 	13 	WE MUST GO DEEPER 22
26214 	14 	14 	14 	14 	14 	14 	14 	14 	14 	14 	14 	14 	14 	WE MUST GO DEEPER 23
26315 	15 	15 	15 	15 	15 	15 	15 	15 	15 	15 	15 	15 	15 	15 	WE MUST GO DEEPER 24
26416 	16 	16 	16 	16 	16 	16 	16 	16 	16 	16 	16 	16 	16 	16 	16 	WE MUST GO DEEPER 25
26517 	17 	17 	17 	17 	17 	17 	17 	17 	17 	17 	17 	17 	17 	17 	17 	17 	WE MUST GO DEEPER 26
26618 	18 	18 	18 	18 	18 	18 	18 	18 	18 	18 	18 	18 	18 	18 	18 	18 	18 	WE MUST GO DEEPER 27
26719 	19 	19 	19 	19 	19 	19 	19 	19 	19 	19 	19 	19 	19 	19 	19 	19 	19 	19 	WE MUST GO DEEPER 28
26820 	20 	20 	20 	20 	20 	20 	20 	20 	20 	20 	20 	20 	20 	20 	20 	20 	20 	20 	20 	WE MUST GO DEEPER 29
26921 	21 	21 	21 	21 	21 	21 	21 	21 	21 	21 	21 	21 	21 	21 	21 	21 	21 	21 	21 	21 	WE MUST GO DEEPER 30
27022 	22 	22 	22 	22 	22 	22 	22 	22 	22 	22 	22 	22 	22 	22 	22 	22 	22 	22 	22 	22 	22 	WE MUST GO DEEPER 31
27123 	23 	23 	23 	23 	23 	23 	23 	23 	23 	23 	23 	23 	23 	23 	23 	23 	23 	23 	23 	23 	23 	23 	WE MUST GO DEEPER 32
27224 	24 	24 	24 	24 	24 	24 	24 	24 	24 	24 	24 	24 	24 	24 	24 	24 	24 	24 	24 	24 	24 	24 	24 	WE MUST GO DEEPER 33
27325 	25 	25 	25 	25 	25 	25 	25 	25 	25 	25 	25 	25 	25 	25 	25 	25 	25 	25 	25 	25 	25 	25 	25 	25 	WE MUST GO DEEPER 34
27426 	26 	26 	26 	26 	26 	26 	26 	26 	26 	26 	26 	26 	26 	26 	26 	26 	26 	26 	26 	26 	26 	26 	26 	26 	26 	WE MUST GO DEEPER 35
27527 	27 	27 	27 	27 	27 	27 	27 	27 	27 	27 	27 	27 	27 	27 	27 	27 	27 	27 	27 	27 	27 	27 	27 	27 	27 	27 	WE MUST GO DEEPER 36
27628 	28 	28 	28 	28 	28 	28 	28 	28 	28 	28 	28 	28 	28 	28 	28 	28 	28 	28 	28 	28 	28 	28 	28 	28 	28 	28 	28 	WE MUST GO DEEPER 37
27729 	29 	29 	29 	29 	29 	29 	29 	29 	29 	29 	29 	29 	29 	29 	29 	29 	29 	29 	29 	29 	29 	29 	29 	29 	29 	29 	29 	29 	WE MUST GO DEEPER 38
27830 	30 	30 	30 	30 	30 	30 	30 	30 	30 	30 	30 	30 	30 	30 	30 	30 	30 	30 	30 	30 	30 	30 	30 	30 	30 	30 	30 	30 	30 	WE MUST GO DEEPER 39
27931 	31 	31 	31 	31 	31 	31 	31 	31 	31 	31 	31 	31 	31 	31 	31 	31 	31 	31 	31 	31 	31 	31 	31 	31 	31 	31 	31 	31 	31 	31 	WE MUST GO DEEPER 40
28032 	32 	32 	32 	32 	32 	32 	32 	32 	32 	32 	32 	32 	32 	32 	32 	32 	32 	32 	32 	32 	32 	32 	32 	32 	32 	32 	32 	32 	32 	32 	32 	WE MUST GO DEEPER 41
28133 	33 	33 	33 	33 	33 	33 	33 	33 	33 	33 	33 	33 	33 	33 	33 	33 	33 	33 	33 	33 	33 	33 	33 	33 	33 	33 	33 	33 	33 	33 	33 	33 	WE MUST GO DEEPER 42
28234 	34 	34 	34 	34 	34 	34 	34 	34 	34 	34 	34 	34 	34 	34 	34 	34 	34 	34 	34 	34 	34 	34 	34 	34 	34 	34 	34 	34 	34 	34 	34 	34 	34 	WE MUST GO DEEPER 43
28335 	35 	35 	35 	35 	35 	35 	35 	35 	35 	35 	35 	35 	35 	35 	35 	35 	35 	35 	35 	35 	35 	35 	35 	35 	35 	35 	35 	35 	35 	35 	35 	35 	35 	35 	WE MUST GO DEEPER 44
28436 	36 	36 	36 	36 	36 	36 	36 	36 	36 	36 	36 	36 	36 	36 	36 	36 	36 	36 	36 	36 	36 	36 	36 	36 	36 	36 	36 	36 	36 	36 	36 	36 	36 	36 	36 	WE MUST GO DEEPER 45
28537 	37 	37 	37 	37 	37 	37 	37 	37 	37 	37 	37 	37 	37 	37 	37 	37 	37 	37 	37 	37 	37 	37 	37 	37 	37 	37 	37 	37 	37 	37 	37 	37 	37 	37 	37 	37 	WE MUST GO DEEPER 46
28638 	38 	38 	38 	38 	38 	38 	38 	38 	38 	38 	38 	38 	38 	38 	38 	38 	38 	38 	38 	38 	38 	38 	38 	38 	38 	38 	38 	38 	38 	38 	38 	38 	38 	38 	38 	38 	38 	WE MUST GO DEEPER 47
28739 	39 	39 	39 	39 	39 	39 	39 	39 	39 	39 	39 	39 	39 	39 	39 	39 	39 	39 	39 	39 	39 	39 	39 	39 	39 	39 	39 	39 	39 	39 	39 	39 	39 	39 	39 	39 	39 	39 	WE MUST GO DEEPER 48
28840 	40 	40 	40 	40 	40 	40 	40 	40 	40 	40 	40 	40 	40 	40 	40 	40 	40 	40 	40 	40 	40 	40 	40 	40 	40 	40 	40 	40 	40 	40 	40 	40 	40 	40 	40 	40 	40 	40 	40 	WE MUST GO DEEPER 49
28941 	41 	41 	41 	41 	41 	41 	41 	41 	41 	41 	41 	41 	41 	41 	41 	41 	41 	41 	41 	41 	41 	41 	41 	41 	41 	41 	41 	41 	41 	41 	41 	41 	41 	41 	41 	41 	41 	41 	41 	41 	WE MUST GO DEEPER 50
29042 	42 	42 	42 	42 	42 	42 	42 	42 	42 	42 	42 	42 	42 	42 	42 	42 	42 	42 	42 	42 	42 	42 	42 	42 	42 	42 	42 	42 	42 	42 	42 	42 	42 	42 	42 	42 	42 	42 	42 	42 	42 	WE MUST GO DEEPER 51
29143 	43 	43 	43 	43 	43 	43 	43 	43 	43 	43 	43 	43 	43 	43 	43 	43 	43 	43 	43 	43 	43 	43 	43 	43 	43 	43 	43 	43 	43 	43 	43 	43 	43 	43 	43 	43 	43 	43 	43 	43 	43 	43 	WE MUST GO DEEPER 52
29244 	44 	44 	44 	44 	44 	44 	44 	44 	44 	44 	44 	44 	44 	44 	44 	44 	44 	44 	44 	44 	44 	44 	44 	44 	44 	44 	44 	44 	44 	44 	44 	44 	44 	44 	44 	44 	44 	44 	44 	44 	44 	44 	44 	WE MUST GO DEEPER 53
29345 	45 	45 	45 	45 	45 	45 	45 	45 	45 	45 	45 	45 	45 	45 	45 	45 	45 	45 	45 	45 	45 	45 	45 	45 	45 	45 	45 	45 	45 	45 	45 	45 	45 	45 	45 	45 	45 	45 	45 	45 	45 	45 	45 	45 	WE MUST GO DEEPER 54
29446 	46 	46 	46 	46 	46 	46 	46 	46 	46 	46 	46 	46 	46 	46 	46 	46 	46 	46 	46 	46 	46 	46 	46 	46 	46 	46 	46 	46 	46 	46 	46 	46 	46 	46 	46 	46 	46 	46 	46 	46 	46 	46 	46 	46 	46 	WE MUST GO DEEPER 55
29547 	47 	47 	47 	47 	47 	47 	47 	47 	47 	47 	47 	47 	47 	47 	47 	47 	47 	47 	47 	47 	47 	47 	47 	47 	47 	47 	47 	47 	47 	47 	47 	47 	47 	47 	47 	47 	47 	47 	47 	47 	47 	47 	47 	47 	47 	47 	WE MUST GO DEEPER 56
29648 	48 	48 	48 	48 	48 	48 	48 	48 	48 	48 	48 	48 	48 	48 	48 	48 	48 	48 	48 	48 	48 	48 	48 	48 	48 	48 	48 	48 	48 	48 	48 	48 	48 	48 	48 	48 	48 	48 	48 	48 	48 	48 	48 	48 	48 	48 	48 	WE MUST GO DEEPER 57
29749 	49 	49 	49 	49 	49 	49 	49 	49 	49 	49 	49 	49 	49 	49 	49 	49 	49 	49 	49 	49 	49 	49 	49 	49 	49 	49 	49 	49 	49 	49 	49 	49 	49 	49 	49 	49 	49 	49 	49 	49 	49 	49 	49 	49 	49 	49 	49 	49 	WE MUST GO DEEPER 58
29850 	50 	50 	50 	50 	50 	50 	50 	50 	50 	50 	50 	50 	50 	50 	50 	50 	50 	50 	50 	50 	50 	50 	50 	50 	50 	50 	50 	50 	50 	50 	50 	50 	50 	50 	50 	50 	50 	50 	50 	50 	50 	50 	50 	50 	50 	50 	50 	50 	50 	WE MUST GO DEEPER 59
29951 	51 	51 	51 	51 	51 	51 	51 	51 	51 	51 	51 	51 	51 	51 	51 	51 	51 	51 	51 	51 	51 	51 	51 	51 	51 	51 	51 	51 	51 	51 	51 	51 	51 	51 	51 	51 	51 	51 	51 	51 	51 	51 	51 	51 	51 	51 	51 	51 	51 	51 	WE MUST GO DEEPER 60
30052 	52 	52 	52 	52 	52 	52 	52 	52 	52 	52 	52 	52 	52 	52 	52 	52 	52 	52 	52 	52 	52 	52 	52 	52 	52 	52 	52 	52 	52 	52 	52 	52 	52 	52 	52 	52 	52 	52 	52 	52 	52 	52 	52 	52 	52 	52 	52 	52 	52 	52 	52 	WE MUST GO DEEPER 61
30153 	53 	53 	53 	53 	53 	53 	53 	53 	53 	53 	53 	53 	53 	53 	53 	53 	53 	53 	53 	53 	53 	53 	53 	53 	53 	53 	53 	53 	53 	53 	53 	53 	53 	53 	53 	53 	53 	53 	53 	53 	53 	53 	53 	53 	53 	53 	53 	53 	53 	53 	53 	53 	WE MUST GO DEEPER 62
30254 	54 	54 	54 	54 	54 	54 	54 	54 	54 	54 	54 	54 	54 	54 	54 	54 	54 	54 	54 	54 	54 	54 	54 	54 	54 	54 	54 	54 	54 	54 	54 	54 	54 	54 	54 	54 	54 	54 	54 	54 	54 	54 	54 	54 	54 	54 	54 	54 	54 	54 	54 	54 	54 	WE MUST GO DEEPER 63
30355 	55 	55 	55 	55 	55 	55 	55 	55 	55 	55 	55 	55 	55 	55 	55 	55 	55 	55 	55 	55 	55 	55 	55 	55 	55 	55 	55 	55 	55 	55 	55 	55 	55 	55 	55 	55 	55 	55 	55 	55 	55 	55 	55 	55 	55 	55 	55 	55 	55 	55 	55 	55 	55 	55 	WE MUST GO DEEPER 64
30456 	56 	56 	56 	56 	56 	56 	56 	56 	56 	56 	56 	56 	56 	56 	56 	56 	56 	56 	56 	56 	56 	56 	56 	56 	56 	56 	56 	56 	56 	56 	56 	56 	56 	56 	56 	56 	56 	56 	56 	56 	56 	56 	56 	56 	56 	56 	56 	56 	56 	56 	56 	56 	56 	56 	56 	WE MUST GO DEEPER 65
30557 	57 	57 	57 	57 	57 	57 	57 	57 	57 	57 	57 	57 	57 	57 	57 	57 	57 	57 	57 	57 	57 	57 	57 	57 	57 	57 	57 	57 	57 	57 	57 	57 	57 	57 	57 	57 	57 	57 	57 	57 	57 	57 	57 	57 	57 	57 	57 	57 	57 	57 	57 	57 	57 	57 	57 	57 	WE MUST GO DEEPER 66
30658 	58 	58 	58 	58 	58 	58 	58 	58 	58 	58 	58 	58 	58 	58 	58 	58 	58 	58 	58 	58 	58 	58 	58 	58 	58 	58 	58 	58 	58 	58 	58 	58 	58 	58 	58 	58 	58 	58 	58 	58 	58 	58 	58 	58 	58 	58 	58 	58 	58 	58 	58 	58 	58 	58 	58 	58 	58 	WE MUST GO DEEPER 67
30759 	59 	59 	59 	59 	59 	59 	59 	59 	59 	59 	59 	59 	59 	59 	59 	59 	59 	59 	59 	59 	59 	59 	59 	59 	59 	59 	59 	59 	59 	59 	59 	59 	59 	59 	59 	59 	59 	59 	59 	59 	59 	59 	59 	59 	59 	59 	59 	59 	59 	59 	59 	59 	59 	59 	59 	59 	59 	59 	WE MUST GO DEEPER 68
30860 	60 	60 	60 	60 	60 	60 	60 	60 	60 	60 	60 	60 	60 	60 	60 	60 	60 	60 	60 	60 	60 	60 	60 	60 	60 	60 	60 	60 	60 	60 	60 	60 	60 	60 	60 	60 	60 	60 	60 	60 	60 	60 	60 	60 	60 	60 	60 	60 	60 	60 	60 	60 	60 	60 	60 	60 	60 	60 	60 	WE MUST GO DEEPER 69
30961 	61 	61 	61 	61 	61 	61 	61 	61 	61 	61 	61 	61 	61 	61 	61 	61 	61 	61 	61 	61 	61 	61 	61 	61 	61 	61 	61 	61 	61 	61 	61 	61 	61 	61 	61 	61 	61 	61 	61 	61 	61 	61 	61 	61 	61 	61 	61 	61 	61 	61 	61 	61 	61 	61 	61 	61 	61 	61 	61 	61 	WE MUST GO DEEPER 70
31062 	62 	62 	62 	62 	62 	62 	62 	62 	62 	62 	62 	62 	62 	62 	62 	62 	62 	62 	62 	62 	62 	62 	62 	62 	62 	62 	62 	62 	62 	62 	62 	62 	62 	62 	62 	62 	62 	62 	62 	62 	62 	62 	62 	62 	62 	62 	62 	62 	62 	62 	62 	62 	62 	62 	62 	62 	62 	62 	62 	62 	62 	WE MUST GO DEEPER 71
31163 	63 	63 	63 	63 	63 	63 	63 	63 	63 	63 	63 	63 	63 	63 	63 	63 	63 	63 	63 	63 	63 	63 	63 	63 	63 	63 	63 	63 	63 	63 	63 	63 	63 	63 	63 	63 	63 	63 	63 	63 	63 	63 	63 	63 	63 	63 	63 	63 	63 	63 	63 	63 	63 	63 	63 	63 	63 	63 	63 	63 	63 	63 	WE MUST GO DEEPER 72
31264 	64 	64 	64 	64 	64 	64 	64 	64 	64 	64 	64 	64 	64 	64 	64 	64 	64 	64 	64 	64 	64 	64 	64 	64 	64 	64 	64 	64 	64 	64 	64 	64 	64 	64 	64 	64 	64 	64 	64 	64 	64 	64 	64 	64 	64 	64 	64 	64 	64 	64 	64 	64 	64 	64 	64 	64 	64 	64 	64 	64 	64 	64 	64 	WE MUST GO DEEPER 73
31365 	65 	65 	65 	65 	65 	65 	65 	65 	65 	65 	65 	65 	65 	65 	65 	65 	65 	65 	65 	65 	65 	65 	65 	65 	65 	65 	65 	65 	65 	65 	65 	65 	65 	65 	65 	65 	65 	65 	65 	65 	65 	65 	65 	65 	65 	65 	65 	65 	65 	65 	65 	65 	65 	65 	65 	65 	65 	65 	65 	65 	65 	65 	65 	65 	WE MUST GO DEEPER 74
31466 	66 	66 	66 	66 	66 	66 	66 	66 	66 	66 	66 	66 	66 	66 	66 	66 	66 	66 	66 	66 	66 	66 	66 	66 	66 	66 	66 	66 	66 	66 	66 	66 	66 	66 	66 	66 	66 	66 	66 	66 	66 	66 	66 	66 	66 	66 	66 	66 	66 	66 	66 	66 	66 	66 	66 	66 	66 	66 	66 	66 	66 	66 	66 	66 	66 	WE MUST GO DEEPER 75
31567 	67 	67 	67 	67 	67 	67 	67 	67 	67 	67 	67 	67 	67 	67 	67 	67 	67 	67 	67 	67 	67 	67 	67 	67 	67 	67 	67 	67 	67 	67 	67 	67 	67 	67 	67 	67 	67 	67 	67 	67 	67 	67 	67 	67 	67 	67 	67 	67 	67 	67 	67 	67 	67 	67 	67 	67 	67 	67 	67 	67 	67 	67 	67 	67 	67 	67 	WE MUST GO DEEPER 76
31668 	68 	68 	68 	68 	68 	68 	68 	68 	68 	68 	68 	68 	68 	68 	68 	68 	68 	68 	68 	68 	68 	68 	68 	68 	68 	68 	68 	68 	68 	68 	68 	68 	68 	68 	68 	68 	68 	68 	68 	68 	68 	68 	68 	68 	68 	68 	68 	68 	68 	68 	68 	68 	68 	68 	68 	68 	68 	68 	68 	68 	68 	68 	68 	68 	68 	68 	68 	WE MUST GO DEEPER 77
31769 	69 	69 	69 	69 	69 	69 	69 	69 	69 	69 	69 	69 	69 	69 	69 	69 	69 	69 	69 	69 	69 	69 	69 	69 	69 	69 	69 	69 	69 	69 	69 	69 	69 	69 	69 	69 	69 	69 	69 	69 	69 	69 	69 	69 	69 	69 	69 	69 	69 	69 	69 	69 	69 	69 	69 	69 	69 	69 	69 	69 	69 	69 	69 	69 	69 	69 	69 	69 	WE MUST GO DEEPER 78
31870 	70 	70 	70 	70 	70 	70 	70 	70 	70 	70 	70 	70 	70 	70 	70 	70 	70 	70 	70 	70 	70 	70 	70 	70 	70 	70 	70 	70 	70 	70 	70 	70 	70 	70 	70 	70 	70 	70 	70 	70 	70 	70 	70 	70 	70 	70 	70 	70 	70 	70 	70 	70 	70 	70 	70 	70 	70 	70 	70 	70 	70 	70 	70 	70 	70 	70 	70 	70 	70 	WE MUST GO DEEPER 79
31971 	71 	71 	71 	71 	71 	71 	71 	71 	71 	71 	71 	71 	71 	71 	71 	71 	71 	71 	71 	71 	71 	71 	71 	71 	71 	71 	71 	71 	71 	71 	71 	71 	71 	71 	71 	71 	71 	71 	71 	71 	71 	71 	71 	71 	71 	71 	71 	71 	71 	71 	71 	71 	71 	71 	71 	71 	71 	71 	71 	71 	71 	71 	71 	71 	71 	71 	71 	71 	71 	71 	WE MUST GO DEEPER 80
32072 	72 	72 	72 	72 	72 	72 	72 	72 	72 	72 	72 	72 	72 	72 	72 	72 	72 	72 	72 	72 	72 	72 	72 	72 	72 	72 	72 	72 	72 	72 	72 	72 	72 	72 	72 	72 	72 	72 	72 	72 	72 	72 	72 	72 	72 	72 	72 	72 	72 	72 	72 	72 	72 	72 	72 	72 	72 	72 	72 	72 	72 	72 	72 	72 	72 	72 	72 	72 	72 	72 	72 	WE MUST GO DEEPER 81
32173 	73 	73 	73 	73 	73 	73 	73 	73 	73 	73 	73 	73 	73 	73 	73 	73 	73 	73 	73 	73 	73 	73 	73 	73 	73 	73 	73 	73 	73 	73 	73 	73 	73 	73 	73 	73 	73 	73 	73 	73 	73 	73 	73 	73 	73 	73 	73 	73 	73 	73 	73 	73 	73 	73 	73 	73 	73 	73 	73 	73 	73 	73 	73 	73 	73 	73 	73 	73 	73 	73 	73 	73 	WE MUST GO DEEPER 82
32274 	74 	74 	74 	74 	74 	74 	74 	74 	74 	74 	74 	74 	74 	74 	74 	74 	74 	74 	74 	74 	74 	74 	74 	74 	74 	74 	74 	74 	74 	74 	74 	74 	74 	74 	74 	74 	74 	74 	74 	74 	74 	74 	74 	74 	74 	74 	74 	74 	74 	74 	74 	74 	74 	74 	74 	74 	74 	74 	74 	74 	74 	74 	74 	74 	74 	74 	74 	74 	74 	74 	74 	74 	74 	WE MUST GO DEEPER 83
32375 	75 	75 	75 	75 	75 	75 	75 	75 	75 	75 	75 	75 	75 	75 	75 	75 	75 	75 	75 	75 	75 	75 	75 	75 	75 	75 	75 	75 	75 	75 	75 	75 	75 	75 	75 	75 	75 	75 	75 	75 	75 	75 	75 	75 	75 	75 	75 	75 	75 	75 	75 	75 	75 	75 	75 	75 	75 	75 	75 	75 	75 	75 	75 	75 	75 	75 	75 	75 	75 	75 	75 	75 	75 	75 	WE MUST GO DEEPER 84
32476 	76 	76 	76 	76 	76 	76 	76 	76 	76 	76 	76 	76 	76 	76 	76 	76 	76 	76 	76 	76 	76 	76 	76 	76 	76 	76 	76 	76 	76 	76 	76 	76 	76 	76 	76 	76 	76 	76 	76 	76 	76 	76 	76 	76 	76 	76 	76 	76 	76 	76 	76 	76 	76 	76 	76 	76 	76 	76 	76 	76 	76 	76 	76 	76 	76 	76 	76 	76 	76 	76 	76 	76 	76 	76 	76 	WE MUST GO DEEPER 85
32577 	77 	77 	77 	77 	77 	77 	77 	77 	77 	77 	77 	77 	77 	77 	77 	77 	77 	77 	77 	77 	77 	77 	77 	77 	77 	77 	77 	77 	77 	77 	77 	77 	77 	77 	77 	77 	77 	77 	77 	77 	77 	77 	77 	77 	77 	77 	77 	77 	77 	77 	77 	77 	77 	77 	77 	77 	77 	77 	77 	77 	77 	77 	77 	77 	77 	77 	77 	77 	77 	77 	77 	77 	77 	77 	77 	77 	WE MUST GO DEEPER 86
32678 	78 	78 	78 	78 	78 	78 	78 	78 	78 	78 	78 	78 	78 	78 	78 	78 	78 	78 	78 	78 	78 	78 	78 	78 	78 	78 	78 	78 	78 	78 	78 	78 	78 	78 	78 	78 	78 	78 	78 	78 	78 	78 	78 	78 	78 	78 	78 	78 	78 	78 	78 	78 	78 	78 	78 	78 	78 	78 	78 	78 	78 	78 	78 	78 	78 	78 	78 	78 	78 	78 	78 	78 	78 	78 	78 	78 	78 	WE MUST GO DEEPER 87
32779 	79 	79 	79 	79 	79 	79 	79 	79 	79 	79 	79 	79 	79 	79 	79 	79 	79 	79 	79 	79 	79 	79 	79 	79 	79 	79 	79 	79 	79 	79 	79 	79 	79 	79 	79 	79 	79 	79 	79 	79 	79 	79 	79 	79 	79 	79 	79 	79 	79 	79 	79 	79 	79 	79 	79 	79 	79 	79 	79 	79 	79 	79 	79 	79 	79 	79 	79 	79 	79 	79 	79 	79 	79 	79 	79 	79 	79 	79 	WE MUST GO DEEPER 88
32880 	80 	80 	80 	80 	80 	80 	80 	80 	80 	80 	80 	80 	80 	80 	80 	80 	80 	80 	80 	80 	80 	80 	80 	80 	80 	80 	80 	80 	80 	80 	80 	80 	80 	80 	80 	80 	80 	80 	80 	80 	80 	80 	80 	80 	80 	80 	80 	80 	80 	80 	80 	80 	80 	80 	80 	80 	80 	80 	80 	80 	80 	80 	80 	80 	80 	80 	80 	80 	80 	80 	80 	80 	80 	80 	80 	80 	80 	80 	80 	WE MUST GO DEEPER 89
32981 	81 	81 	81 	81 	81 	81 	81 	81 	81 	81 	81 	81 	81 	81 	81 	81 	81 	81 	81 	81 	81 	81 	81 	81 	81 	81 	81 	81 	81 	81 	81 	81 	81 	81 	81 	81 	81 	81 	81 	81 	81 	81 	81 	81 	81 	81 	81 	81 	81 	81 	81 	81 	81 	81 	81 	81 	81 	81 	81 	81 	81 	81 	81 	81 	81 	81 	81 	81 	81 	81 	81 	81 	81 	81 	81 	81 	81 	81 	81 	81 	WE MUST GO DEEPER 90
33082 	82 	82 	82 	82 	82 	82 	82 	82 	82 	82 	82 	82 	82 	82 	82 	82 	82 	82 	82 	82 	82 	82 	82 	82 	82 	82 	82 	82 	82 	82 	82 	82 	82 	82 	82 	82 	82 	82 	82 	82 	82 	82 	82 	82 	82 	82 	82 	82 	82 	82 	82 	82 	82 	82 	82 	82 	82 	82 	82 	82 	82 	82 	82 	82 	82 	82 	82 	82 	82 	82 	82 	82 	82 	82 	82 	82 	82 	82 	82 	82 	82 	WE MUST GO DEEPER 91
33183 	83 	83 	83 	83 	83 	83 	83 	83 	83 	83 	83 	83 	83 	83 	83 	83 	83 	83 	83 	83 	83 	83 	83 	83 	83 	83 	83 	83 	83 	83 	83 	83 	83 	83 	83 	83 	83 	83 	83 	83 	83 	83 	83 	83 	83 	83 	83 	83 	83 	83 	83 	83 	83 	83 	83 	83 	83 	83 	83 	83 	83 	83 	83 	83 	83 	83 	83 	83 	83 	83 	83 	83 	83 	83 	83 	83 	83 	83 	83 	83 	83 	83 	WE MUST GO DEEPER 92
33284 	84 	84 	84 	84 	84 	84 	84 	84 	84 	84 	84 	84 	84 	84 	84 	84 	84 	84 	84 	84 	84 	84 	84 	84 	84 	84 	84 	84 	84 	84 	84 	84 	84 	84 	84 	84 	84 	84 	84 	84 	84 	84 	84 	84 	84 	84 	84 	84 	84 	84 	84 	84 	84 	84 	84 	84 	84 	84 	84 	84 	84 	84 	84 	84 	84 	84 	84 	84 	84 	84 	84 	84 	84 	84 	84 	84 	84 	84 	84 	84 	84 	84 	84 	WE MUST GO DEEPER 93
33385 	85 	85 	85 	85 	85 	85 	85 	85 	85 	85 	85 	85 	85 	85 	85 	85 	85 	85 	85 	85 	85 	85 	85 	85 	85 	85 	85 	85 	85 	85 	85 	85 	85 	85 	85 	85 	85 	85 	85 	85 	85 	85 	85 	85 	85 	85 	85 	85 	85 	85 	85 	85 	85 	85 	85 	85 	85 	85 	85 	85 	85 	85 	85 	85 	85 	85 	85 	85 	85 	85 	85 	85 	85 	85 	85 	85 	85 	85 	85 	85 	85 	85 	85 	85 	WE MUST GO DEEPER 94
33486 	86 	86 	86 	86 	86 	86 	86 	86 	86 	86 	86 	86 	86 	86 	86 	86 	86 	86 	86 	86 	86 	86 	86 	86 	86 	86 	86 	86 	86 	86 	86 	86 	86 	86 	86 	86 	86 	86 	86 	86 	86 	86 	86 	86 	86 	86 	86 	86 	86 	86 	86 	86 	86 	86 	86 	86 	86 	86 	86 	86 	86 	86 	86 	86 	86 	86 	86 	86 	86 	86 	86 	86 	86 	86 	86 	86 	86 	86 	86 	86 	86 	86 	86 	86 	86 	WE MUST GO DEEPER 95
33587 	87 	87 	87 	87 	87 	87 	87 	87 	87 	87 	87 	87 	87 	87 	87 	87 	87 	87 	87 	87 	87 	87 	87 	87 	87 	87 	87 	87 	87 	87 	87 	87 	87 	87 	87 	87 	87 	87 	87 	87 	87 	87 	87 	87 	87 	87 	87 	87 	87 	87 	87 	87 	87 	87 	87 	87 	87 	87 	87 	87 	87 	87 	87 	87 	87 	87 	87 	87 	87 	87 	87 	87 	87 	87 	87 	87 	87 	87 	87 	87 	87 	87 	87 	87 	87 	87 	WE MUST GO DEEPER 96
33688 	88 	88 	88 	88 	88 	88 	88 	88 	88 	88 	88 	88 	88 	88 	88 	88 	88 	88 	88 	88 	88 	88 	88 	88 	88 	88 	88 	88 	88 	88 	88 	88 	88 	88 	88 	88 	88 	88 	88 	88 	88 	88 	88 	88 	88 	88 	88 	88 	88 	88 	88 	88 	88 	88 	88 	88 	88 	88 	88 	88 	88 	88 	88 	88 	88 	88 	88 	88 	88 	88 	88 	88 	88 	88 	88 	88 	88 	88 	88 	88 	88 	88 	88 	88 	88 	88 	88 	WE MUST GO DEEPER 97
33789 	89 	89 	89 	89 	89 	89 	89 	89 	89 	89 	89 	89 	89 	89 	89 	89 	89 	89 	89 	89 	89 	89 	89 	89 	89 	89 	89 	89 	89 	89 	89 	89 	89 	89 	89 	89 	89 	89 	89 	89 	89 	89 	89 	89 	89 	89 	89 	89 	89 	89 	89 	89 	89 	89 	89 	89 	89 	89 	89 	89 	89 	89 	89 	89 	89 	89 	89 	89 	89 	89 	89 	89 	89 	89 	89 	89 	89 	89 	89 	89 	89 	89 	89 	89 	89 	89 	89 	89 	WE MUST GO DEEPER 98
33890 	90 	90 	90 	90 	90 	90 	90 	90 	90 	90 	90 	90 	90 	90 	90 	90 	90 	90 	90 	90 	90 	90 	90 	90 	90 	90 	90 	90 	90 	90 	90 	90 	90 	90 	90 	90 	90 	90 	90 	90 	90 	90 	90 	90 	90 	90 	90 	90 	90 	90 	90 	90 	90 	90 	90 	90 	90 	90 	90 	90 	90 	90 	90 	90 	90 	90 	90 	90 	90 	90 	90 	90 	90 	90 	90 	90 	90 	90 	90 	90 	90 	90 	90 	90 	90 	90 	90 	90 	90 	WE MUST GO DEEPER 99
339All work and no play makes Jack a dull boy.
340All work and no play makes Jack a dull boy.
341All work and no play makes Jack a dull boy.
342All work and no play makes Jack a dull boy.
343All work and no play makes Jack a dull boy.
344All work and no play makes Jack a dull boy.
345All work and no play makes Jack a dull boy.
346All work and no play makes Jack a dull boy.
347All work and no play makes Jack a dull boy.
348All work and no play makes Jack a dull boy.
349All work and no play makes Jack a dull boy.
350All work and no play makes Jack a dull boy.
351All work and no play makes Jack a dull boy.
352All work and no play makes Jack a dull boy.
353All work and no play makes Jack a dull boy.
354All work and no play makes Jack a dull boy.
355All work and no play makes Jack a dull boy.
356All work and no play makes Jack a dull boy.
357All work and no play makes Jack a dull boy.
358All work and no play makes Jack a dull boy.
359All work and no play makes Jack a dull boy.
360All work and no play makes Jack a dull boy.
361All work and no play makes Jack a dull boy.
362All work and no play makes Jack a dull boy.
363All work and no play makes Jack a dull boy.
364All work and no play makes Jack a dull boy.
365All work and no play makes Jack a dull boy.
366All work and no play makes Jack a dull boy.
367All work and no play makes Jack a dull boy.
368All work and no play makes Jack a dull boy.
369All work and no play makes Jack a dull boy.
370All work and no play makes Jack a dull boy.
371All work and no play makes Jack a dull boy.
372All work and no play makes Jack a dull boy.
373All work and no play makes Jack a dull boy.
374All work and no play makes Jack a dull boy.
375All work and no play makes Jack a dull boy.
376All work and no play makes Jack a dull boy.
377All work and no play makes Jack a dull boy.
378All work and no play makes Jack a dull boy.
379All work and no play makes Jack a dull boy.
380All work and no play makes Jack a dull boy.
381All work and no play makes Jack a dull boy.
382All work and no play makes Jack a dull boy.
383All work and no play makes Jack a dull boy.
384All work and no play makes Jack a dull boy.
385All work and no play makes Jack a dull boy.
386All work and no play makes Jack a dull boy.
387All work and no play makes Jack a dull boy.
388All work and no play makes Jack a dull boy.
389All work and no play makes Jack a dull boy.
390All work and no play makes Jack a dull boy.
391All work and no play makes Jack a dull boy.
392All work and no play makes Jack a dull boy.
393All work and no play makes Jack a dull boy.
394All work and no play makes Jack a dull boy.
395All work and no play makes Jack a dull boy.
396All work and no play makes Jack a dull boy.
397All work and no play makes Jack a dull boy.
398All work and no play makes Jack a dull boy.
399All work and no play makes Jack a dull boy.
400All work and no play makes Jack a dull boy.
401All work and no play makes Jack a dull boy.
402All work and no play makes Jack a dull boy.
403All work and no play makes Jack a dull boy.
404All work and no play makes Jack a dull boy.
405All work and no play makes Jack a dull boy.
406All work and no play makes Jack a dull boy.
407All work and no play makes Jack a dull boy.
408All work and no play makes Jack a dull boy.
409All work and no play makes Jack a dull boy.
410All work and no play makes Jack a dull boy.
411All work and no play makes Jack a dull boy.
412All work and no play makes Jack a dull boy.
413All work and no play makes Jack a dull boy.
414All work and no play makes Jack a dull boy.
415All work and no play makes Jack a dull boy.
416All work and no play makes Jack a dull boy.
417All work and no play makes Jack a dull boy.
418All work and no play makes Jack a dull boy.
419All work and no play makes Jack a dull boy.
420All work and no play makes Jack a dull boy.
421All work and no play makes Jack a dull boy.
422All work and no play makes Jack a dull boy.
423All work and no play makes Jack a dull boy.
424All work and no play makes Jack a dull boy.
425All work and no play makes Jack a dull boy.
426All work and no play makes Jack a dull boy.
427All work and no play makes Jack a dull boy.
428All work and no play makes Jack a dull boy.
429All work and no play makes Jack a dull boy.
430All work and no play makes Jack a dull boy.
431All work and no play makes Jack a dull boy.
432All work and no play makes Jack a dull boy.
433All work and no play makes Jack a dull boy.
434All work and no play makes Jack a dull boy.
435All work and no play makes Jack a dull boy.
436All work and no play makes Jack a dull boy.
437All work and no play makes Jack a dull boy.
438All work and no play makes Jack a dull boy.
439All work and no play makes Jack a dull boy.
440All work and no play makes Jack a dull boy.
441All work and no play makes Jack a dull boy.
442All work and no play makes Jack a dull boy.
443All work and no play makes Jack a dull boy.
444All work and no play makes Jack a dull boy.
445All work and no play makes Jack a dull boy.
446All work and no play makes Jack a dull boy.
447All work and no play makes Jack a dull boy.
448All work and no play makes Jack a dull boy.
449All work and no play makes Jack a dull boy.
450All work and no play makes Jack a dull boy.
451All work and no play makes Jack a dull boy.
452All work and no play makes Jack a dull boy.
453All work and no play makes Jack a dull boy.
454All work and no play makes Jack a dull boy.
455All work and no play makes Jack a dull boy.
456All work and no play makes Jack a dull boy.
457All work and no play makes Jack a dull boy.
458All work and no play makes Jack a dull boy.
459All work and no play makes Jack a dull boy.
460All work and no play makes Jack a dull boy.
461All work and no play makes Jack a dull boy.
462All work and no play makes Jack a dull boy.
463All work and no play makes Jack a dull boy.
464All work and no play makes Jack a dull boy.
465All work and no play makes Jack a dull boy.
466All work and no play makes Jack a dull boy.
467All work and no play makes Jack a dull boy.
468All work and no play makes Jack a dull boy.
469All work and no play makes Jack a dull boy.
470All work and no play makes Jack a dull boy.
471All work and no play makes Jack a dull boy.
472All work and no play makes Jack a dull boy.
473All work and no play makes Jack a dull boy.
474All work and no play makes Jack a dull boy.
475All work and no play makes Jack a dull boy.
476All work and no play makes Jack a dull boy.
477All work and no play makes Jack a dull boy.
478All work and no play makes Jack a dull boy.
479All work and no play makes Jack a dull boy.
480All work and no play makes Jack a dull boy.
481All work and no play makes Jack a dull boy.
482All work and no play makes Jack a dull boy.
483All work and no play makes Jack a dull boy.
484All work and no play makes Jack a dull boy.
485All work and no play makes Jack a dull boy.
486All work and no play makes Jack a dull boy.
487All work and no play makes Jack a dull boy.
488All work and no play makes Jack a dull boy.
489All work and no play makes Jack a dull boy.
490All work and no play makes Jack a dull boy.
491All work and no play makes Jack a dull boy.
492All work and no play makes Jack a dull boy.
493All work and no play makes Jack a dull boy.
494All work and no play makes Jack a dull boy.
495All work and no play makes Jack a dull boy.
496All work and no play makes Jack a dull boy.
497All work and no play makes Jack a dull boy.
498All work and no play makes Jack a dull boy.
499All work and no play makes Jack a dull boy.
500All work and no play makes Jack a dull boy.
501All work and no play makes Jack a dull boy.
502All work and no play makes Jack a dull boy.
503All work and no play makes Jack a dull boy.
504All work and no play makes Jack a dull boy.
505All work and no play makes Jack a dull boy.
506All work and no play makes Jack a dull boy.
507All work and no play makes Jack a dull boy.
508All work and no play makes Jack a dull boy.
509All work and no play makes Jack a dull boy.
510All work and no play makes Jack a dull boy.
